.\venv\Scripts\python
 : WARNING:root:No 
DATABASE_URL 
environment variable 
set, and so no 
databases setup
En línea: 1 
Carácter: 1
+ .\venv\Scripts\pyth
on manage.py test inv
entory.tests_intellig
ence > t ...
+ ~~~~~~~~~~~~~~~~~~~
~~~~~~~~~~~~~~~~~~~~~
~~~~~~~~~~~~~~~~~~~~~
~~~~~~~~
    + CategoryInfo   
           : NotSpe  
  cified: (WARNING   
 :root:No...datab    
ases setup:Strin    
g) [], RemoteExc    
eption
    + FullyQualified 
   ErrorId : Native  
  CommandError
 
Creating test 
database for alias 
'default'...

E.
=====================
=====================
=====================
=======
ERROR: test_forecast_
calculation (inventor
y.tests_intelligence.
StockIntelligenceTest
s.test_forecast_calcu
lation)
Scenario:
---------------------
---------------------
---------------------
-------
Traceback (most 
recent call last):
  File "C:\Users\Giul
iana\OneDrive - alumn
os.iua.edu.ar\JKGE 20
25\ERP\venv\Lib\site-
packages\django\db\ba
ckends\utils.py", 
line 105, in _execute
    return self.curso
r.execute(sql, 
params)
           ~~~~~~~~~~
~~~~~~~~~^^^^^^^^^^^^
^
  File "C:\Users\Giul
iana\OneDrive - alumn
os.iua.edu.ar\JKGE 20
25\ERP\venv\Lib\site-
packages\django\db\ba
ckends\sqlite3\base.p
y", line 359, in 
execute
    return super().ex
ecute(query, params)
           ~~~~~~~~~~
~~~~~^^^^^^^^^^^^^^^
sqlite3.IntegrityErro
r: UNIQUE constraint 
failed: 
sales_sale.order_id

The above exception 
was the direct cause 
of the following 
exception:

Traceback (most 
recent call last):
  File "C:\Users\Giul
iana\OneDrive - alumn
os.iua.edu.ar\JKGE 20
25\ERP\inventory\test
s_intelligence.py", 
line 63, in test_fore
cast_calculation
    sale = 
Sale.objects.create(
        
user=self.user,
    ...<2 lines>...
        
status='completed'
    )
  File "C:\Users\Giul
iana\OneDrive - alumn
os.iua.edu.ar\JKGE 20
25\ERP\venv\Lib\site-
packages\django\db\mo
dels\manager.py", 
line 87, in 
manager_method
    return getattr(se
lf.get_queryset(), 
name)(*args, 
**kwargs)
           ~~~~~~~~~~
~~~~~~~~~~~~~~~~~~~~~
~~~^^^^^^^^^^^^^^^^^
  File "C:\Users\Giul
iana\OneDrive - alumn
os.iua.edu.ar\JKGE 20
25\ERP\venv\Lib\site-
packages\django\db\mo
dels\query.py", line 
669, in create
    obj.save(force_in
sert=True, 
using=self.db)
    ~~~~~~~~^^^^^^^^^
^^^^^^^^^^^^^^^^^^^^^
^^^^
  File "C:\Users\Giul
iana\OneDrive - alumn
os.iua.edu.ar\JKGE 20
25\ERP\sales\models.p
y", line 142, in save
    
super().save(*args, 
**kwargs)
    ~~~~~~~~~~~~^^^^^
^^^^^^^^^^^^
  File "C:\Users\Giul
iana\OneDrive - alumn
os.iua.edu.ar\JKGE 20
25\ERP\venv\Lib\site-
packages\django\db\mo
dels\base.py", line 
874, in save
    self.save_base(
    ~~~~~~~~~~~~~~^
        using=using,
        ^^^^^^^^^^^^
    ...<2 lines>...
        update_fields
=update_fields,
        ^^^^^^^^^^^^^
^^^^^^^^^^^^^^^
    )
    ^
  File "C:\Users\Giul
iana\OneDrive - alumn
os.iua.edu.ar\JKGE 20
25\ERP\venv\Lib\site-
packages\django\db\mo
dels\base.py", line 
966, in save_base
    updated = 
self._save_table(
        raw,
    ...<4 lines>...
        
update_fields,
    )
  File "C:\Users\Giul
iana\OneDrive - alumn
os.iua.edu.ar\JKGE 20
25\ERP\venv\Lib\site-
packages\django\db\mo
dels\base.py", line 
1167, in _save_table
    results = 
self._do_insert(
        
cls._base_manager, 
using, 
insert_fields, 
returning_fields, raw
    )
  File "C:\Users\Giul
iana\OneDrive - alumn
os.iua.edu.ar\JKGE 20
25\ERP\venv\Lib\site-
packages\django\db\mo
dels\base.py", line 
1218, in _do_insert
    return 
manager._insert(
           
~~~~~~~~~~~~~~~^
        [self],
        ^^^^^^^
    ...<3 lines>...
        raw=raw,
        ^^^^^^^^
    )
    ^
  File "C:\Users\Giul
iana\OneDrive - alumn
os.iua.edu.ar\JKGE 20
25\ERP\venv\Lib\site-
packages\django\db\mo
dels\manager.py", 
line 87, in 
manager_method
    return getattr(se
lf.get_queryset(), 
name)(*args, 
**kwargs)
           ~~~~~~~~~~
~~~~~~~~~~~~~~~~~~~~~
~~~^^^^^^^^^^^^^^^^^
  File "C:\Users\Giul
iana\OneDrive - alumn
os.iua.edu.ar\JKGE 20
25\ERP\venv\Lib\site-
packages\django\db\mo
dels\query.py", line 
1918, in _insert
    return query.get_
compiler(using=using)
.execute_sql(returnin
g_fields)
           ~~~~~~~~~~
~~~~~~~~~~~~~~~~~~~~~
~~~~~~~~~~~~^^^^^^^^^
^^^^^^^^^
  File "C:\Users\Giul
iana\OneDrive - alumn
os.iua.edu.ar\JKGE 20
25\ERP\venv\Lib\site-
packages\django\db\mo
dels\sql\compiler.py"
, line 1925, in 
execute_sql
    
cursor.execute(sql, 
params)
    ~~~~~~~~~~~~~~^^^
^^^^^^^^^^
  File "C:\Users\Giul
iana\OneDrive - alumn
os.iua.edu.ar\JKGE 20
25\ERP\venv\Lib\site-
packages\django\db\ba
ckends\utils.py", 
line 79, in execute
    return self._exec
ute_with_wrappers(
           ~~~~~~~~~~
~~~~~~~~~~~~~~~~~^
        sql, params, 
many=False, executor=
self._execute
        ^^^^^^^^^^^^^
^^^^^^^^^^^^^^^^^^^^^
^^^^^^^^^^^^^
    )
    ^
  File "C:\Users\Giul
iana\OneDrive - alumn
os.iua.edu.ar\JKGE 20
25\ERP\venv\Lib\site-
packages\django\db\ba
ckends\utils.py", 
line 92, in _execute_
with_wrappers
    return 
executor(sql, 
params, many, 
context)
  File "C:\Users\Giul
iana\OneDrive - alumn
os.iua.edu.ar\JKGE 20
25\ERP\venv\Lib\site-
packages\django\db\ba
ckends\utils.py", 
line 100, in _execute
    with self.db.wrap
_database_errors:
         ^^^^^^^^^^^^
^^^^^^^^^^^^^^^^
  File "C:\Users\Giul
iana\OneDrive - alumn
os.iua.edu.ar\JKGE 20
25\ERP\venv\Lib\site-
packages\django\db\ut
ils.py", line 94, in 
__exit__
    raise dj_exc_valu
e.with_traceback(trac
eback) from exc_value
  File "C:\Users\Giul
iana\OneDrive - alumn
os.iua.edu.ar\JKGE 20
25\ERP\venv\Lib\site-
packages\django\db\ba
ckends\utils.py", 
line 105, in _execute
    return self.curso
r.execute(sql, 
params)
           ~~~~~~~~~~
~~~~~~~~~^^^^^^^^^^^^
^
  File "C:\Users\Giul
iana\OneDrive - alumn
os.iua.edu.ar\JKGE 20
25\ERP\venv\Lib\site-
packages\django\db\ba
ckends\sqlite3\base.p
y", line 359, in 
execute
    return super().ex
ecute(query, params)
           ~~~~~~~~~~
~~~~~^^^^^^^^^^^^^^^
django.db.utils.Integ
rityError: UNIQUE 
constraint failed: 
sales_sale.order_id

---------------------
---------------------
---------------------
-------
Ran 2 tests in 2.052s

FAILED (errors=1)
Destroying test 
database for alias 
'default'...

Found 2 test(s).
 Assigning data to user: user...
System check identified no issues (0 silenced).
